../Drivers/CMSIS/Include/core_cm7.h:2156:34:__NVIC_SystemReset	4	static,ignoring_inline_asm
../Shell/src/shell_commands.c:32:13:get_current_directory	4	static
../Shell/src/shell_commands.c:38:6:set_current_directory	24	static
../Shell/src/shell_commands.c:59:6:normalize_path	40	static
../Shell/src/shell_commands.c:126:12:my_strcasecmp	24	static
../Shell/src/shell_commands.c:139:5:cmd_sysinfo	40	static
../Shell/src/shell_commands.c:169:5:cmd_meminfo	48	static
../Shell/src/shell_commands.c:206:5:cmd_taskinfo	24	static
../Shell/src/shell_commands.c:244:5:cmd_reboot	16	static
../Shell/src/shell_commands.c:259:5:cmd_led	24	static
../Shell/src/shell_commands.c:291:5:cmd_clocktest	24	static
../Shell/src/shell_commands.c:307:5:cmd_setclock	56	static
../Shell/src/shell_commands.c:369:5:cmd_version	40	static
../Shell/src/shell_commands.c:393:5:cmd_hexdump	216	static
../Shell/src/shell_commands.c:457:5:cmd_logctl	64	static
../Shell/src/shell_commands.c:573:5:cmd_logtest	32	static
../Shell/src/shell_commands.c:617:5:cmd_sdwrite	48	static
../Shell/src/shell_commands.c:710:5:cmd_sdread	64	static
../Shell/src/shell_commands.c:798:5:cmd_sdls	464	static
../Shell/src/shell_commands.c:880:5:cmd_sdrm	328	static
../Shell/src/shell_commands.c:942:5:cmd_ls	488	static,ignoring_inline_asm
../Shell/src/shell_commands.c:1074:5:cmd_mkdir	568	static
../Shell/src/shell_commands.c:1153:5:cmd_rm	344	static
../Shell/src/shell_commands.c:1232:5:cmd_touch	48	static
../Shell/src/shell_commands.c:1286:5:cmd_cp	2096	static
../Shell/src/shell_commands.c:1391:5:cmd_mv	328	static
../Shell/src/shell_commands.c:1438:5:cmd_cat	296	static
../Shell/src/shell_commands.c:1494:5:cmd_pwd	24	static
../Shell/src/shell_commands.c:1509:5:cmd_cd	840	static
../Shell/src/shell_commands.c:1571:5:cmd_df	80	static
../Shell/src/shell_commands.c:1613:5:cmd_find	680	static
../Shell/src/shell_commands.c:1688:5:cmd_wc	496	static
../Shell/src/shell_commands.c:1787:5:cmd_head	312	static
../Shell/src/shell_commands.c:1854:5:cmd_tail	72	static
../Shell/src/shell_commands.c:1943:5:cmd_grep	320	static
../Shell/src/shell_commands.c:2015:5:cmd_file	344	static
../Shell/src/shell_commands.c:2073:5:cmd_du	448	static
../Shell/src/shell_commands.c:2122:5:cmd_fshelp	24	static
../Shell/src/shell_commands.c:2174:5:cmd_echo	80	static
../Shell/src/shell_commands.c:2276:5:cmd_which	40	static
../Shell/src/shell_commands.c:2314:5:shell_tab_completion	64	static
../Shell/src/shell_commands.c:2356:6:shell_set_tab_completion	16	static
../Shell/src/shell_commands.c:2371:5:cmd_history	24	static
../Shell/src/shell_commands.c:2385:5:cmd_alias	24	static
../Shell/src/shell_commands.c:2408:5:cmd_tree	424	static
../Shell/src/shell_commands.c:2470:5:cmd_uptime	56	static
../Shell/src/shell_commands.c:2505:5:cmd_date	64	static
../Shell/src/shell_commands.c:2529:5:cmd_free	56	static,ignoring_inline_asm
../Shell/src/shell_commands.c:2596:5:cmd_ll	32	static
../Shell/src/shell_commands.c:2614:5:cmd_la	32	static
../Shell/src/shell_commands.c:2630:5:cmd_dir	16	static
../Shell/src/shell_commands.c:2638:5:cmd_md	16	static
../Shell/src/shell_commands.c:2646:5:cmd_rd	32	static
../Shell/src/shell_commands.c:2660:5:cmd_del	16	static
../Shell/src/shell_commands.c:2668:5:cmd_type	16	static
../Shell/src/shell_commands.c:2676:5:cmd_more	16	static
../Shell/src/shell_commands.c:2684:5:cmd_less	16	static
../Shell/src/shell_commands.c:2692:5:cmd_fshelp_extended	24	static
